



iterace2
remove: [3, 7], 5.0
new: [2, 6], 12.39, [3, 7]
new: [3, 6], 8.47, [3, 7]
new: [4, 6], 12.61, [3, 7]
new: [2, 7], 13.83, [3, 7]
new: [4, 7], 13.24, [3, 7]




iterace3
remove: [3, 6], 8.47, [3, 7]
new: [2, 5], 12.1, [3, 6]
new: [3, 5], 11.12, [3, 6]
new: [4, 5], 10.16, [3, 6]




iterace4
remove: [4, 5], 10.16, [3, 6]
new: [3, 4], 20.0, [4, 5]
new: [4, 4], 18.0, [4, 5]
new: [5, 6], 12.83, [4, 5]




iterace5
remove: [3, 5], 11.12, [3, 6]
new: [2, 4], 21.0, [3, 5]




iterace6
remove: [2, 5], 12.1, [3, 6]
new: [1, 4], 22.0, [2, 5]
new: [1, 5], 16.08, [2, 5]
new: [1, 6], 22.32, [2, 5]




iterace7
remove: [2, 6], 12.39, [3, 7]
new: [1, 7], 21.71, [2, 6]




iterace8
remove: [4, 6], 12.61, [3, 7]




iterace9
remove: [5, 6], 12.83, [4, 5]
new: [6, 5], 15.41, [5, 6]
new: [6, 6], 15.24, [5, 6]
new: [6, 7], 21.16, [5, 6]




iterace10
remove: [4, 7], 13.24, [3, 7]




iterace11
remove: [2, 7], 13.83, [3, 7]
new: [1, 8], 22.21, [2, 7]




iterace12
remove: [6, 6], 15.24, [5, 6]
new: [7, 5], 19.0, [6, 6]
new: [7, 6], 18.0, [6, 6]
new: [7, 7], 24.0, [6, 6]




iterace13
remove: [6, 5], 15.41, [5, 6]
new: [6, 4], 21.0, [6, 5]
new: [7, 4], 16.0, [6, 5]




iterace14
remove: [7, 4], 16.0, [6, 5]
